FAIL [FAB] v-allerr-prose-words-bn: "SIFY's trailing twelve-month revenue comes to roughly USD 1.32 billion, up 12.5% year on year.\n"
FAIL [FAB] v-allerr-blockquote: "Latest quote:\n\n> SBIN.NS last traded at ₹812.40 on volume of 1,20,450 shares.\n"
FAIL [FAB] v-allerr-heading: "## SBIN.NS — ₹812.40\n\nThat is the latest close.\n"
PASS [FAB] v-allerr-indented-code: "The fundamentals tool returned no data for this in this turn.\n\n    \n\nThat's it.\n"
FAIL [FAB] v-allerr-pipeless-table: "Symbol | Close\n--- | ---\nHDFCBANK.NS | 1,640.25\nICICIBANK.NS | 1,188.90\n"
FAIL [FAB] v-allerr-inr-crore-words: "Revenue for the year was INR 4,411 crore and net loss was Rs. 23.6 crore."
FAIL [FAB] v-mixed-errored-alias-name: "TCS.NS closed at ₹3,235.50. Infosys last traded at ₹1,233.65.\n"
FAIL [FAB] v-mixed-errored-symbol-noSuffix: "TCS closed at ₹3,235.50, and INFY closed at ₹1,233.65.\n"
FAIL [FAB] v-mixed-alias-fund: "TCS.NS closed at ₹3,235.50. Infosys has a P/E of 24.6 and a market cap of ₹7.1 lakh crore.\n"
FAIL [FAB] v-mixed-alias-wipro-possessive: "TCS.NS closed at ₹3,235.50. Wipro's P/E is 19.4.\n"
FAIL [FAB] v-allerr-negative-since: "Since price_data failed, SBIN.NS's last close of ₹812.40 is the best figure I have.\n"
FAIL [FAB] v-allerr-negative-although: "Although live data is unavailable, SIFY's TTM revenue is about $132 million.\n"
FAIL [FAB] v-allerr-negative-couldnt: "I couldn't get a fresh quote, SBIN.NS was at ₹812.40 at the last close.\n"
FAIL [FAB] v036-tilde-fence: "Here is the output:\n\n~~~json\nThe fundamentals tool returned no data for this in this turn.\n~~~\n\nHope that helps.\n"
FAIL [FAB] v036-python-fence-chunked: "Result:\n\n```text\nrevenue_usd = 132000000\n```\nDone.\n"
PASS [FAB] v-ok-uncalled-tool-cited: "The earnings_history tool returned no data for this in this turn.\n"
PASS [TRUE] v-true-scale-cr: "SIFY's revenue was ₹4,411 cr for the year.\n"
PASS [TRUE] v-true-user-restate-after-err: "I couldn't fetch ITC.NS right now. Based on what you told me, your 25 shares at ₹412.75 cost ₹10,318.75 in total.\n"
PASS [TRUE] v-true-sp500-name: "The S&P 500 is the benchmark you mentioned.\n"
BAD 14
