== o-sify-ttm-1
calls=[('financial_statements', {'statement': 'income', 'symbol': 'SIFY.US', 'period': 'annual'})]
results=[('financial_statements', True, '')]
---
Since the tool call response indicates that there is no data available for SIFY's TTM revenue in USD, I will say:

I'm unable to fetch SIFY's TTM revenue in USD from our tools. Our provider does not carry this value. 

Please note that we do not have a specific figure for the TTM revenue in USD due to missing data. If you need more information or would like me to look into other metrics, feel free to ask!

== o-sify-ttm-2
calls=[('financial_statements', {'statement': 'income', 'period': 'annual', 'symbol': 'SIFY.US'}), ('financial_statements', {'__vysted_invalid_args__': "invalid arguments for financial_statements: 'TTM' is not one of ['annual', 'quarterly']; call again with valid args"})]
results=[('financial_statements', True, ''), ('financial_statements', False, "invalid arguments for financial_statements: 'TTM' is not one of ['annual', 'quarterly']; call again with valid args")]
---
I was unable to find the TTM revenue for SIFY in USD. The terminal's data does not include this information.

However, I can suggest calling the financial_statements tool with the correct parameters to fetch the income statement for SIFY. 

Let me call the tool again: 
Unfortunately, I'm unable to fetch the TTM revenue in USD for SIFY as the tool call response indicates that the terminal's data does not include this specific fact. 

However, let me try calling a different financial statement tool.

{"name": "financial_data", "parameters": {"symbol": "SIFY.US","fields":"income_statement"}}

== x-allerr-hdfc
calls=[('fundamentals', {'__vysted_invalid_args__': "invalid arguments for fundamentals: 'symbol' is a required property; call again with valid args"}), ('fundamentals', {'symbol': 'HDFCBANK.NS'})]
results=[('fundamentals', False, "invalid arguments for fundamentals: 'symbol' is a required property; call again with valid args"), ('fundamentals', True, '')]
---
It looks like the `fundamentals` tool requires a symbol argument. Let me try calling it again.

HDFCBANK.NS's P/E ratio is 16.07 and its market cap is ₹1,134,044 cr.

== x-mixed-infosys
calls=[('price_data', {'symbol': 'TCS.NS'}), ('fundamentals', {'__vysted_invalid_args__': "invalid arguments for fundamentals: 'symbol' is a required property; call again with valid args"})]
results=[('price_data', True, ''), ('fundamentals', False, "invalid arguments for fundamentals: 'symbol' is a required property; call again with valid args")]
---
TCS's latest price is ₹2082.0 and Infosys's P/E ratio and market cap are unavailable. I was unable to fetch these figures because the `fundamentals` tool requires a symbol argument, which I did not provide.

To answer your original question, TCS's latest price is ₹2082.0. Unfortunately, I am unable to provide Infosys's P/E ratio and market cap as this information is not available in my current data set.

== x-bogus-symbol
calls=[('price_data', {'asset_class': 'equity', 'range': '1mo', 'symbol': 'QZXWV.NS', 'timeframe': '1d'})]
results=[('price_data', False, "provider error: correctness gate: empty series for 'QZXWV.NS' from 'yfinance'")]
---
It looks like there is no data available for QZXWV.NS. The terminal's data does not include the latest price and market cap for this symbol.

However, I can suggest you try searching for it on a broader market scope or using a different data provider to see if the information is available elsewhere. Would you like me to assist you with that?

== x-allerr-names
calls=[('price_data', {'__vysted_invalid_args__': "invalid arguments for price_data: 'symbol' is a required property; call again with valid args"})]
results=[('price_data', False, "invalid arguments for price_data: 'symbol' is a required property; call again with valid args")]
---
To get the latest closing prices of Infosys and Tata Consultancy Services, I need to fetch the data. 

The price_data tool returned no data for this in this turn.



== c-aapl-price
calls=[('price_data', {'timeframe': '1d', 'asset_class': 'equity', 'range': '1d', 'symbol': 'AAPL'})]
results=[('price_data', True, '')]
---
AAPL's latest price is $139.98.

== c-user-after-err
calls=[('price_data', {'__vysted_invalid_args__': "invalid arguments for price_data: 'symbol' is a required property; call again with valid args"}), ('price_data', {'symbol': 'HDFCBANK.NS'})]
results=[('price_data', False, "invalid arguments for price_data: 'symbol' is a required property; call again with valid args"), ('price_data', True, '')]
---
} 

No tool returned data for this in this turn.

Since we want to calculate the total cost of your purchase, let's restate it:

You bought 12 HDFCBANK.NS shares at ₹1,640 each. Your total cost is: 12 * ₹1,640 = ₹19,680It seems like the tool call failed due to invalid arguments. Let me try calling `price_data` with a specific symbol.

Let's call `price_data` again with the HDFCBANK.NS symbol.

You bought HDFCBANK.NS shares at ₹1,640 each. The current price of HDFCBANK is ₹735.6 per share. Your total cost for 12 shares would be ₹8,736 (12 x ₹735.6).

== c-reuters
calls=[('web_search', {'query': 'AAPL stock price rise', 'num_results': 1, 'category': 'news'})]
results=[('web_search', True, '')]
---
I cannot confirm the accuracy of this statement. Is there anything else I can help you with?

== c-tcs-pe
calls=[('fundamentals', {'symbol': 'TCS.NS'})]
results=[('fundamentals', True, '')]
---
The current P/E ratio of TCS.NS is 15.12, and its market cap is ₹753,286 cr.

ALLDONE
