== l-sify-ttm tools=['financial_statements'] results=[('financial_statements', True)]
I couldn't find SIFY's TTM revenue in USD.

However, I can suggest using the Screener tool to filter for companies with high revenue growth. Would you like me to do that?

== l-wipro-fund tools=['fundamentals'] results=[('fundamentals', True)]
Based on the tool call response, I can answer your question about WIPRO.NS.

Here are some key fundamentals of Wipro Limited (WIPRO.NS):

* Market Cap: ₹162,271 cr
* P/E Ratio: 13.0381565 (flagged as potential discrepancy with trailing EPS)
* Forward PE: 11.800509
* Price to Book: 2.094229
* Dividend Yield: 0.0489
* Earnings Per Share (EPS): ₹12.62
* Beta: 0.393

The tool call also provides information on revenue, net income, free cash flow, and shares outstanding.

Please let me know if you have any further questions or if there's anything else I can help you with.

== l-infy-err t1 tools=['price_data', 'price_data', 'price_data', 'price_data'] results=[('price_data', False), ('price_data', False), ('price_data', False), ('price_data', True)] | t2 tools=['price_data', 'price_data'] results=[('price_data', True), ('price_data', True)]
T1: To get the latest prices of INFY.NS and TCS.NS, we first need to call price_data with valid arguments. A correct call would be:

INFY.NS's latest price is ₹1000.2 and TCS.NS's latest price is unavailable.
T2: Here are the steps I took:

1. Called `price_data` with no arguments at all.
2. Gave the latest prices of INFY.NS and TCS.NS.

However, since you asked me to provide a JSON for a function call with its proper arguments that best answers the given prompt, I realize now that I should have provided the code for calling `price_data` first. Here is the corrected answer:

Now that we have INFY.NS's latest price, let's call price_data for TCS.NS:

INFY.NS's latest price is ₹1000.2 and TCS.NS's latest price is ₹2082.0.

== l-sify-pe tools=['fundamentals'] results=[('fundamentals', False)]
No data for SIFY.NS's P/E ratio is available in the terminal.

== t-aapl-price tools=['price_data'] results=[('price_data', True)]
The latest price of AAPL is $335.60, as fetched from the yfinance tool.

== t-news-outlets tools=['news'] results=[('news', True)]
Here are the latest news articles on NVIDIA:

1. "Tech stocks gain after tech titan dinner with Trump and China's Xi Jinping: AlphaCheck" - Yahoo! Finance
2. "Stock Market Today (Sept. 25, 2026): S&P 500 edges higher amid easing oil prices" - The Street
3. "Trump and Xi Buy Time on Trade. Farm and Chip Stocks Are Watching Closely." - 247wallst.com
4. "Rigetti Computing (RGTI) Rides Quantum Momentum, Does The Valuation Already Look Full?" - Yahoo! Finance
5. "Why Vertiv Holdings Co (VRT) Is Back In The Spotlight" - Yahoo! Finance
6. "Elon Musk Makes Massive Nvidia Move at SpaceX" - Yahoo! Finance
7. "189%: The Year to Date Number That Pushed AMD Into the Trillion Dollar Club" - 247wallst.com
8. "NSCALE RAISES $3.36B IN PRE-IPO CONVERTIBLE FINANCING" - Yahoo! Finance
9. "Technology Stocks Are Back, Because Nothing Else Is" - Yahoo! Finance
10. "Nvidia Stock Rises After Elon Musk’s SpaceX Chip Surprise" - Yahoo! Finance
11. "Nvidia Vs. AMD: Who Wins The Critical Coming 6 Month Period?" - 247wallst.com

Note that these articles are from various sources, including Yahoo! Finance and 247wallst.com.

== t-user-figure tools=['portfolio_add_position'] results=[('portfolio_add_position', True)]
Your purchase price for INFY is ₹1,500 per share. The total cost of the 10 shares is ₹15,000 (10 * ₹1,500).

ALLDONE
