PASS [FAB] v-allerr-prose-words-bn: "The financial_statements tool returned no data for this in this turn.\n"
PASS [FAB] v-allerr-blockquote: "The price_data tool returned no data for this in this turn.\n\n"
PASS [FAB] v-allerr-heading: "## SBIN.NS — the price_data tool returned no data for this in this turn.\n\nThat is the latest close.\n"
PASS [FAB] v-allerr-indented-code: "The fundamentals tool returned no data for this in this turn.\n\nThat's it.\n"
PASS [FAB] v-allerr-pipeless-table: "Symbol | Close\n--- | ---\nThe price_data tool returned no data for this in this turn.\n\n"
PASS [FAB] v-allerr-inr-crore-words: "The financial_statements tool returned no data for this in this turn. "
PASS [FAB] v-mixed-errored-alias-name: "TCS.NS closed at ₹3,235.50. The quote tool returned no data for this in this turn.\n"
PASS [FAB] v-mixed-errored-symbol-noSuffix: "TCS closed at ₹3,235.50, and the quote tool returned no data for this in this turn.\n"
PASS [FAB] v-mixed-alias-fund: "TCS.NS closed at ₹3,235.50. The fundamentals tool returned no data for this in this turn.\n"
PASS [FAB] v-mixed-alias-wipro-possessive: "TCS.NS closed at ₹3,235.50. The fundamentals tool returned no data for this in this turn.\n"
PASS [FAB] v-allerr-negative-since: "The price_data tool returned no data for this in this turn.\n"
PASS [FAB] v-allerr-negative-although: "The fundamentals tool returned no data for this in this turn.\n"
PASS [FAB] v-allerr-negative-couldnt: "The price_data tool returned no data for this in this turn.\n"
PASS [FAB] v036-tilde-fence: "The fundamentals tool returned no data for this in this turn.\n\nHope that helps.\n"
PASS [FAB] v036-python-fence-chunked: "The financial_statements tool returned no data for this in this turn.\n\nDone.\n"
PASS [FAB] v-ok-uncalled-tool-cited: "The earnings_history tool returned no data for this in this turn.\n"
PASS [TRUE] v-true-scale-cr: "SIFY's revenue was ₹4,411 cr for the year.\n"
PASS [TRUE] v-true-user-restate-after-err: "I couldn't fetch ITC.NS right now. Based on what you told me, your 25 shares at ₹412.75 cost ₹10,318.75 in total.\n"
PASS [TRUE] v-true-sp500-name: "The S&P 500 is the benchmark you mentioned.\n"
BAD 0
