repro.r1                     calls=[] ok=[] - dbpos=0 audit=0 prices=['₹3,100', '₹15,500']
repro.r2                     calls=[] ok=[] - dbpos=0 audit=0 prices=['₹3,100', '₹3,100', '₹15,500']
o-never-said.r1              calls=['price_data'] ok=['True'] - dbpos=0 audit=0 prices=['₹1226.0']
o-never-said.r2              calls=['price_data'] ok=['True'] - dbpos=0 audit=0 prices=['₹1226.0']
o-never-said.r3              calls=['price_data'] ok=['True'] - dbpos=0 audit=0 prices=['₹1226.0']
o-other-than.r1              calls=['price_data'] ok=['True'] - dbpos=0 audit=0 prices=['₹2349.7']
o-other-than.r2              calls=['price_data'] ok=['True'] - dbpos=0 audit=0 prices=['₹2094.7']
o-other-than.r3              calls=['price_data'] ok=['True'] - dbpos=0 audit=0 prices=['₹2082.00']
o-but-do-fetch.r1            calls=['price_data'] ok=['True'] - dbpos=0 audit=0 prices=['₹2082.0']
o-but-do-fetch.r2            calls=['price_data'] ok=['True'] - dbpos=0 audit=0 prices=['₹2082.0']
o-but-do-fetch.r3            calls=['price_data'] ok=['True'] - dbpos=0 audit=0 prices=['₹2082.0']
o-except.r1                  calls=['price_data'] ok=['True'] - dbpos=0 audit=0 prices=['₹2082.0', '₹2075.1', '₹2398.0']
o-except.r2                  calls=['price_data'] ok=['True'] - dbpos=0 audit=0 prices=['₹2082', '₹2446.6', '₹2059.6']
o-except.r3                  calls=['price_data'] ok=['True'] - dbpos=0 audit=0 prices=['₹2082.0', '₹2495.0', '₹2326.1', '₹2365.6']
o-dont-need.r1               calls=['price_data'] ok=['True'] - dbpos=0 audit=0 prices=['₹269.0']
o-dont-need.r2               calls=['price_data'] ok=['True'] - dbpos=0 audit=0 prices=['₹269.0']
o-dont-need.r3               calls=['price_data', 'price_data'] ok=['False', 'True'] - dbpos=0 audit=0 prices=['₹269.0']
o-twice.r1                   calls=['price_data'] ok=['True'] - dbpos=0 audit=0 prices=['₹735.60']
o-twice.r2                   calls=['price_data'] ok=['True'] - dbpos=0 audit=0 prices=['₹735.6']
o-twice.r3                   calls=['price_data', 'price_data'] ok=['False', 'True'] - dbpos=0 audit=0 prices=['₹774.65']
o-web.r1                     calls=['price_data'] ok=['True'] - dbpos=0 audit=0 prices=['₹164.02']
o-web.r2                     calls=['price_data'] ok=['True'] - dbpos=0 audit=0 prices=['₹164.02']
o-web.r3                     calls=['price_data'] ok=['True'] - dbpos=0 audit=0 prices=['₹164.02']
fo-says.r1                   calls=[] ok=[] - dbpos=0 audit=0 prices=['₹3,449.15']
fo-says.r2                   calls=[] ok=[] - dbpos=0 audit=0 prices=['₹1,023.35']
fo-comma-except.r1           calls=[] ok=[] - dbpos=0 audit=0 prices=[]
fo-comma-except.r2           calls=[] ok=[] - dbpos=0 audit=0 prices=[]
fo-comma-other.r1            calls=[] ok=[] - dbpos=0 audit=0 prices=['₹934.10']
fo-comma-other.r2            calls=[] ok=[] - dbpos=0 audit=0 prices=['₹843.50', '₹840.00', '₹850.20', '₹835.10']
fo-kidding.r1                calls=[] ok=[] - dbpos=0 audit=0 prices=['₹1,241.05']
fo-kidding.r2                calls=[] ok=[] - dbpos=0 audit=0 prices=['₹1,243.80', '₹14.4']
ff-advisor-said.r1           calls=['price_data', 'price_data'] ok=['False', 'True'] - dbpos=0 audit=0 prices=['₹1329.0']
ff-beyond.r1                 calls=['price_data', 'price_data'] ok=['False', 'True'] - dbpos=0 audit=0 prices=['₹1036.1']
ff-loop.r1                   calls=['price_data'] ok=['True'] - dbpos=0 audit=0 prices=['₹735.6', '₹720.3', '₹710.85', '₹739.75']
m-avoid-functions.r1         calls=['portfolio_add_position'] ok=['True'] STAGED dbpos=0 audit=0 prices=['₹415', '₹16,600', '₹415']
m-avoid-functions.r2         calls=['portfolio_add_position'] ok=['True'] STAGED dbpos=0 audit=0 prices=['₹415']
m-skip-tools.r1              calls=['portfolio_update_position'] ok=['True'] STAGED dbpos=0 audit=0 prices=['₹1,650', '₹1,600', '₹1,650', '₹1,650']
m-skip-tools.r2              calls=['portfolio_update_position'] ok=['True'] STAGED dbpos=0 audit=0 prices=['₹1,600', '₹1,600', '₹19,200', '₹1,650']
m-zero-tool-calls.r1         calls=['portfolio_add_position'] ok=['True'] STAGED dbpos=0 audit=0 prices=['₹1,500', '₹10,500']
m-zero-tool-calls.r2         calls=['portfolio_add_position'] ok=['True'] STAGED dbpos=0 audit=0 prices=['₹105,000', '₹1,500']
m-without-functions-add.r1   calls=[] ok=['False'] - dbpos=0 audit=0 prices=['₹1,650']
m-without-functions-add.r2   calls=['portfolio_add_position'] ok=['True'] STAGED dbpos=0 audit=0 prices=['₹1,650', '₹1,650', '₹4,950', '₹4,950']
f-hands-off-add.r1           calls=['portfolio_add_position'] ok=['True'] STAGED dbpos=0 audit=0 prices=['₹800']
f-hands-off-add.r2           calls=['portfolio_add_position'] ok=['True'] STAGED dbpos=0 audit=0 prices=['₹800']
f-no-external-record.r1      calls=['portfolio_add_position'] ok=['True'] STAGED dbpos=0 audit=0 prices=['₹1,200']
f-no-external-record.r2      calls=['portfolio_add_position'] ok=['True'] STAGED dbpos=0 audit=0 prices=['₹1,200']
f-without-function-delete.r1 calls=['portfolio_delete_position'] ok=['True'] STAGED dbpos=0 audit=0 prices=[]
f-without-function-delete.r2 calls=['portfolio_delete_position'] ok=['True'] STAGED dbpos=0 audit=0 prices=[]
f-dont-touch-price.r1        calls=['price_data'] ok=['True'] - dbpos=0 audit=0 prices=['₹1000.2']
f-dont-touch-price.r2        calls=['price_data'] ok=['True'] - dbpos=0 audit=0 prices=['₹1000.2']
v-lost-calc-add.r1           calls=['portfolio_add_position'] ok=['True'] STAGED dbpos=0 audit=0 prices=['₹420']
v-lost-calc-add.r2           calls=['portfolio_add_position'] ok=['True'] STAGED dbpos=0 audit=0 prices=['₹420']
v-lost-when-sell.r1          calls=['portfolio_update_position'] ok=['True'] STAGED dbpos=0 audit=0 prices=['₹170']
v-lost-when-sell.r2          calls=['portfolio_update_position'] ok=['True'] STAGED dbpos=0 audit=0 prices=[]
v-leave-alone.r1             calls=['portfolio_add_position'] ok=['True'] STAGED dbpos=0 audit=0 prices=['₹980']
v-leave-alone.r2             calls=['portfolio_add_position'] ok=['True'] STAGED dbpos=0 audit=0 prices=['₹980']
control-add.r1               calls=['portfolio_add_position'] ok=['True'] STAGED dbpos=0 audit=0 prices=['₹3,200']
