FAIL [FAB] w-mixed-sbi-abbrev: "TCS.NS closed at ₹3,235.50. SBI last traded at ₹812.40.\n"
PASS [FAB] w-mixed-reliance-first: "TCS.NS closed at ₹3,235.50. The fundamentals tool returned no data for this in this turn.\n"
FAIL [FAB] w-mixed-hdfc-bank: "TCS.NS closed at ₹3,235.50, while HDFC Bank closed at ₹1,712.90.\n"
FAIL [FAB] w-mixed-apple-us: "MSFT is at $511.20. Apple's market cap is about $3.4 trillion.\n"
FAIL [FAB] w-mixed-inherit-its-newline: "TCS.NS closed at ₹3,235.50.\nWipro (WIPRO.NS) could not be refreshed.\nIts last close was ₹248.15.\n"
FAIL [FAB] w-mixed-inherit-chunked: "Infosys could not be refreshed. The last print was ₹1,233.65.\n"
FAIL [FAB] w-mixed-although-name: "Although I couldn't refresh Infosys, it was around ₹1,500 last week.\n"
PASS [FAB] w-allerr-however: "The tool failed; the price_data tool returned no data for this in this turn.\n"
PASS [FAB] w-allerr-unable-but: "Unable to retrieve live data, but the price_data tool returned no data for this in this turn.\n"
FAIL [FAB] w-allerr-despite: "Despite the error, SIFY's TTM revenue is roughly USD 128.5 million.\n"
PASS [FAB] w-allerr-multi-names: "The price_data tool returned no data for this in this turn.\n"
FAIL [FAB] w036-tilde4-chunked: "The fundamentals tool returned no data for this in this turn.\n\n~~~~\n\nThanks.\n"
FAIL [FAB] w036-backtick4-nested: "Raw:\n\n````md\n```json\nThe fundamentals tool returned no data for this in this turn.\n```\n````\n\nDone.\n"
PASS [FAB] w036-tilde-closer-longer: "The price_data tool returned no data for this in this turn.\n\nEnd.\n"
PASS [TRUE] t-mixed-ok-fullname: "Tata Consultancy Services closed at ₹3,235.50.\n"
PASS [TRUE] t-mixed-ok-row-beside-err: "Closes:\n- Tata Consultancy: ₹3,235.50\nThe quote tool returned no data for this in this turn.\n"
PASS [TRUE] t-inherit-reset-blank: "Infosys could not be refreshed.\n\nThe index rose 0.8% today.\n"
PASS [TRUE] t-neg-no-figure: "The price_data tool failed for SBIN.NS, so I can't give you a price right now.\n"
PASS [TRUE] t-user-figure-name-after-err: "I couldn't refresh Infosys. Your 40 Infosys shares at ₹1,450 cost ₹58,000 in total.\n"
PASS [TRUE] t-ok-rounding-msft: "Microsoft last traded at about $511.\n"
BAD 9
