PASS [FAB] w-mixed-sbi-abbrev: "TCS.NS closed at ₹3,235.50. The quote tool returned no data for this in this turn.\n"
PASS [FAB] w-mixed-reliance-first: "TCS.NS closed at ₹3,235.50. The fundamentals tool returned no data for this in this turn.\n"
PASS [FAB] w-mixed-hdfc-bank: "TCS.NS closed at ₹3,235.50, while the quote tool returned no data for this in this turn.\n"
PASS [FAB] w-mixed-apple-us: "MSFT is at $511.20. The fundamentals tool returned no data for this in this turn.\n"
PASS [FAB] w-mixed-inherit-its-newline: "TCS.NS closed at ₹3,235.50.\nWipro (WIPRO.NS) could not be refreshed.\nThe quote tool returned no data for this in this turn.\n"
PASS [FAB] w-mixed-inherit-chunked: "Infosys could not be refreshed. The last print The quote tool returned no data for this in this turn.\n"
PASS [FAB] w-mixed-although-name: "The quote tool returned no data for this in this turn.\n"
PASS [FAB] w-allerr-however: "The tool failed; the price_data tool returned no data for this in this turn.\n"
PASS [FAB] w-allerr-unable-but: "Unable to retrieve live data, but the price_data tool returned no data for this in this turn.\n"
PASS [FAB] w-allerr-despite: "The fundamentals tool returned no data for this in this turn.\n"
PASS [FAB] w-allerr-multi-names: "The price_data tool returned no data for this in this turn.\n"
PASS [FAB] w036-tilde4-chunked: "The fundamentals tool returned no data for this in this turn.\n\nThanks.\n"
PASS [FAB] w036-backtick4-nested: "The fundamentals tool returned no data for this in this turn.\n\nDone.\n"
PASS [FAB] w036-tilde-closer-longer: "The price_data tool returned no data for this in this turn.\n\nEnd.\n"
PASS [TRUE] t-mixed-ok-fullname: "Tata Consultancy Services closed at ₹3,235.50.\n"
PASS [TRUE] t-mixed-ok-row-beside-err: "Closes:\n- Tata Consultancy: ₹3,235.50\nThe quote tool returned no data for this in this turn.\n"
FAIL [TRUE] t-inherit-reset-blank: "Infosys could not be refreshed.\n\nThe quote tool returned no data for this in this turn.\n"
PASS [TRUE] t-neg-no-figure: "The price_data tool failed for SBIN.NS, so I can't give you a price right now.\n"
PASS [TRUE] t-user-figure-name-after-err: "I couldn't refresh Infosys. Your 40 Infosys shares at ₹1,450 cost ₹58,000 in total.\n"
PASS [TRUE] t-ok-rounding-msft: "Microsoft last traded at about $511.\n"
BAD 1
