PASSED tests/test_agent_runtime.py::test_an_acknowledged_error_carries_no_ungrounded_figure[calls0-q?-deltas0-price_data-gone0]
PASSED tests/test_agent_runtime.py::test_an_acknowledged_error_carries_no_ungrounded_figure[calls1-q?-deltas1-fundamentals-gone1]
PASSED tests/test_agent_runtime.py::test_an_acknowledged_error_carries_no_ungrounded_figure[calls2-q?-deltas2-price_data-gone2]
PASSED tests/test_agent_runtime.py::test_an_acknowledged_error_carries_no_ungrounded_figure[calls3-Call price_data once with no arguments at all. Then write one sentence that starts 'Although the price_data tool failed,' and gives SBIN.NS's latest close in rupees.-deltas3-price_data-gone3]
PASSED tests/test_agent_runtime.py::test_an_acknowledged_error_carries_no_ungrounded_figure[calls4-q?-deltas4-price_data-gone4]
PASSED tests/test_agent_runtime.py::test_an_acknowledged_error_carries_no_ungrounded_figure[calls5-q?-deltas5-price_data-gone5]
PASSED tests/test_agent_runtime.py::test_an_acknowledged_error_carries_no_ungrounded_figure[calls6-q?-deltas6-fundamentals-gone6]
PASSED tests/test_agent_runtime.py::test_an_errored_subject_named_by_company_name_is_replaced[calls0-q?-deltas0-TCS.NS closed at \u20b93,235.50.-gone0]
PASSED tests/test_agent_runtime.py::test_an_errored_subject_named_by_company_name_is_replaced[calls1-q?-deltas1-TCS.NS closed at \u20b93,235.50.-gone1]
PASSED tests/test_agent_runtime.py::test_an_errored_subject_named_by_company_name_is_replaced[calls2-What are the latest prices of Infosys and TCS?-deltas2-and TCS closed at \u20b92,082.00.-gone2]
PASSED tests/test_agent_runtime.py::test_an_errored_subject_named_by_company_name_is_replaced[calls3-q?-deltas3-TCS.NS closed at \u20b93,235.50.-gone3]
PASSED tests/test_agent_runtime.py::test_an_errored_subject_named_by_company_name_is_replaced[calls4-q?-deltas4-- TCS: \u20b93,235.50\n-gone4]
PASSED tests/test_agent_runtime.py::test_a_clause_inherits_the_paragraph_subject[deltas0-Infosys (INFY.NS) could not be refreshed. The price_data tool returned no data for this in this turn.]
PASSED tests/test_agent_runtime.py::test_a_clause_inherits_the_paragraph_subject[deltas1-Infosys could not be refreshed.\nThe price_data tool returned no data for this in this turn.\n\n]
PASSED tests/test_agent_runtime.py::test_a_true_statement_beside_an_error_streams[calls0-q?-deltas0]
PASSED tests/test_agent_runtime.py::test_a_true_statement_beside_an_error_streams[calls1-I bought 25 ITC.NS shares at \u20b9412.75. What's it worth now?-deltas1]
PASSED tests/test_agent_runtime.py::test_a_true_statement_beside_an_error_streams[calls2-q?-deltas2]
PASSED tests/test_agent_runtime.py::test_a_true_statement_beside_an_error_streams[calls3-What are the latest prices of Infosys and TCS?-deltas3]
PASSED tests/test_agent_runtime.py::test_a_true_statement_beside_an_error_streams[calls4-q?-deltas4]
PASSED tests/test_agent_runtime.py::test_a_true_statement_beside_an_error_streams[calls5-q?-deltas5]
PASSED tests/test_agent_runtime.py::test_an_ok_row_beside_an_errored_row_named_by_company_name
PASSED tests/test_agent_runtime.py::test_a_replaced_fence_of_any_commonmark_form_leaves_prose[deltas0]
PASSED tests/test_agent_runtime.py::test_a_replaced_fence_of_any_commonmark_form_leaves_prose[deltas1]
PASSED tests/test_agent_runtime.py::test_a_replaced_fence_of_any_commonmark_form_leaves_prose[deltas2]
PASSED tests/test_figure_grounding.py::test_a_subject_is_named_by_its_aliases[INFY--present0-absent0]
PASSED tests/test_figure_grounding.py::test_a_subject_is_named_by_its_aliases[SBIN--present1-absent1]
PASSED tests/test_figure_grounding.py::test_a_subject_is_named_by_its_aliases[TCS--present2-absent2]
PASSED tests/test_figure_grounding.py::test_a_subject_is_named_by_its_aliases[SIFY--present3-absent3]
PASSED tests/test_figure_grounding.py::test_a_subject_is_named_by_its_aliases[TCS-How is Consultancy doing?-present4-absent4]
PASSED tests/test_figure_grounding.py::test_a_subject_is_named_by_its_aliases[TCS--present5-absent5]
30 passed, 260 deselected in 0.21s
