1 https://ir.ghost.io/x
1 https://investors.ghost.io/x
1 https://ir.neocities.org/x
1 https://investors.neocities.org/x
1 https://ir.hashnode.dev/x
1 https://investors.hashnode.dev/x
1 https://ir.mystrikingly.com/x
1 https://investors.mystrikingly.com/x
1 https://ir.jimdosite.com/x
1 https://investors.jimdosite.com/x
1 https://ir.godaddysites.com/x
1 https://investors.godaddysites.com/x
1 https://ir.tilda.ws/x
1 https://investors.tilda.ws/x
1 https://ir.site123.me/x
1 https://investors.site123.me/x
1 https://ir.livejournal.com/x
1 https://investors.livejournal.com/x
1 https://ir.over-blog.com/x
1 https://investors.over-blog.com/x
1 https://ir.beehiiv.com/x
1 https://investors.beehiiv.com/x
1 https://ir.typepad.com/x
1 https://investors.typepad.com/x
1 https://ir.webnode.page/x
1 https://investors.webnode.page/x
1 https://ir.000webhostapp.com/x
1 https://investors.000webhostapp.com/x
['url', 'title', 'excerpt', 'domain', 'source_type', 'published_at', 'provider']
['Beehiiv newsletter', 'Typepad blog', 'Reuters']
Citation preference — when several sources support a claim, cite the most authoritative: primary record (exchange/regulator/filings/IR): [1, 2]; tier-1 press: [3].
